▲ Next.js 16.2.10 (Turbopack)

  Creating an optimized production build ...
✓ Compiled successfully in 4.6s
  Running TypeScript ...
  Finished TypeScript in 6.2s ...
  Collecting page data using 3 workers ...
  Generating static pages using 3 workers (0/15) ...
  Generating static pages using 3 workers (3/15) 
⚠ metadataBase property in metadata export is not set for resolving social open graph or twitter images, using "http://localhost:3000". See https://nextjs.org/docs/app/api-reference/functions/generate-metadata#metadatabase
  Generating static pages using 3 workers (7/15) 
  Generating static pages using 3 workers (11/15) 
✓ Generating static pages using 3 workers (15/15) in 146ms
  Finalizing page optimization ...

Route (app)
┌ ○ /_not-found
├ ƒ /[locale]
├ ƒ /[locale]/catalog
├ ƒ /[locale]/catalog/[slug]
├ ƒ /admin
├ ƒ /admin/login
├ ƒ /api/admin/login
├ ƒ /api/admin/logout
├ ƒ /api/admin/products
├ ƒ /api/admin/products/[slug]
├ ƒ /api/admin/products/[slug]/images
└ ○ /icon.png


ƒ Proxy (Middleware)

○  (Static)   prerendered as static content
ƒ  (Dynamic)  server-rendered on demand

